Archive member included to satisfy reference by file (symbol)

/Users/danielbraun/devel/ruststm/test030/librs/target/thumbv6m-none-eabi/debug/liblibrs.a(librs-ccbba542f025ca05.3g0zm7w3u4h5hx5s88vt3pkd5.rcgu.o)
                              ./Core/Src/main.o (rs_main)
/Users/danielbraun/devel/ruststm/test030/librs/target/thumbv6m-none-eabi/debug/liblibrs.a(core-8806444b285d76be.core.5c7c2650aa144d9-cgu.0.rcgu.o)
                              /Users/danielbraun/devel/ruststm/test030/librs/target/thumbv6m-none-eabi/debug/liblibrs.a(librs-ccbba542f025ca05.3g0zm7w3u4h5hx5s88vt3pkd5.rcgu.o) (core::panicking::panic_const::panic_const_add_overflow)
/Users/danielbraun/devel/ruststm/test030/librs/target/thumbv6m-none-eabi/debug/liblibrs.a(compiler_builtins-24429303214812f6.compiler_builtins.48fc13047921c4a6-cgu.080.rcgu.o)
                              /Users/danielbraun/devel/ruststm/test030/librs/target/thumbv6m-none-eabi/debug/liblibrs.a(core-8806444b285d76be.core.5c7c2650aa144d9-cgu.0.rcgu.o) (memcmp)
/Users/danielbraun/devel/ruststm/test030/librs/target/thumbv6m-none-eabi/debug/liblibrs.a(compiler_builtins-24429303214812f6.compiler_builtins.48fc13047921c4a6-cgu.105.rcgu.o)
                              /Users/danielbraun/devel/ruststm/test030/librs/target/thumbv6m-none-eabi/debug/liblibrs.a(core-8806444b285d76be.core.5c7c2650aa144d9-cgu.0.rcgu.o) (__aeabi_llsl)
/Users/danielbraun/devel/ruststm/test030/librs/target/thumbv6m-none-eabi/debug/liblibrs.a(compiler_builtins-24429303214812f6.compiler_builtins.48fc13047921c4a6-cgu.107.rcgu.o)
                              /Users/danielbraun/devel/ruststm/test030/librs/target/thumbv6m-none-eabi/debug/liblibrs.a(core-8806444b285d76be.core.5c7c2650aa144d9-cgu.0.rcgu.o) (__aeabi_memcpy4)
/Users/danielbraun/devel/ruststm/test030/librs/target/thumbv6m-none-eabi/debug/liblibrs.a(compiler_builtins-24429303214812f6.compiler_builtins.48fc13047921c4a6-cgu.111.rcgu.o)
                              /Users/danielbraun/devel/ruststm/test030/librs/target/thumbv6m-none-eabi/debug/liblibrs.a(core-8806444b285d76be.core.5c7c2650aa144d9-cgu.0.rcgu.o) (__aeabi_idiv)
/Users/danielbraun/devel/ruststm/test030/librs/target/thumbv6m-none-eabi/debug/liblibrs.a(compiler_builtins-24429303214812f6.compiler_builtins.48fc13047921c4a6-cgu.115.rcgu.o)
                              /Users/danielbraun/devel/ruststm/test030/librs/target/thumbv6m-none-eabi/debug/liblibrs.a(core-8806444b285d76be.core.5c7c2650aa144d9-cgu.0.rcgu.o) (__aeabi_fcmpeq)
/Users/danielbraun/devel/ruststm/test030/librs/target/thumbv6m-none-eabi/debug/liblibrs.a(compiler_builtins-24429303214812f6.compiler_builtins.48fc13047921c4a6-cgu.117.rcgu.o)
                              /Users/danielbraun/devel/ruststm/test030/librs/target/thumbv6m-none-eabi/debug/liblibrs.a(core-8806444b285d76be.core.5c7c2650aa144d9-cgu.0.rcgu.o) (__aeabi_fmul)
/Users/danielbraun/devel/ruststm/test030/librs/target/thumbv6m-none-eabi/debug/liblibrs.a(compiler_builtins-24429303214812f6.compiler_builtins.48fc13047921c4a6-cgu.119.rcgu.o)
                              /Users/danielbraun/devel/ruststm/test030/librs/target/thumbv6m-none-eabi/debug/liblibrs.a(core-8806444b285d76be.core.5c7c2650aa144d9-cgu.0.rcgu.o) (__aeabi_memset)
/Users/danielbraun/devel/ruststm/test030/librs/target/thumbv6m-none-eabi/debug/liblibrs.a(compiler_builtins-24429303214812f6.compiler_builtins.48fc13047921c4a6-cgu.128.rcgu.o)
                              /Users/danielbraun/devel/ruststm/test030/librs/target/thumbv6m-none-eabi/debug/liblibrs.a(core-8806444b285d76be.core.5c7c2650aa144d9-cgu.0.rcgu.o) (__aeabi_fcmpge)
/Users/danielbraun/devel/ruststm/test030/librs/target/thumbv6m-none-eabi/debug/liblibrs.a(compiler_builtins-24429303214812f6.compiler_builtins.48fc13047921c4a6-cgu.131.rcgu.o)
                              /Users/danielbraun/devel/ruststm/test030/librs/target/thumbv6m-none-eabi/debug/liblibrs.a(core-8806444b285d76be.core.5c7c2650aa144d9-cgu.0.rcgu.o) (__aeabi_dmul)
/Users/danielbraun/devel/ruststm/test030/librs/target/thumbv6m-none-eabi/debug/liblibrs.a(compiler_builtins-24429303214812f6.compiler_builtins.48fc13047921c4a6-cgu.141.rcgu.o)
                              ./Core/Src/system_stm32f0xx.o (__aeabi_uidiv)
/Users/danielbraun/devel/ruststm/test030/librs/target/thumbv6m-none-eabi/debug/liblibrs.a(compiler_builtins-24429303214812f6.compiler_builtins.48fc13047921c4a6-cgu.144.rcgu.o)
                              /Users/danielbraun/devel/ruststm/test030/librs/target/thumbv6m-none-eabi/debug/liblibrs.a(core-8806444b285d76be.core.5c7c2650aa144d9-cgu.0.rcgu.o) (__aeabi_memclr4)
/Users/danielbraun/devel/ruststm/test030/librs/target/thumbv6m-none-eabi/debug/liblibrs.a(compiler_builtins-24429303214812f6.compiler_builtins.48fc13047921c4a6-cgu.174.rcgu.o)
                              /Users/danielbraun/devel/ruststm/test030/librs/target/thumbv6m-none-eabi/debug/liblibrs.a(core-8806444b285d76be.core.5c7c2650aa144d9-cgu.0.rcgu.o) (__aeabi_dcmplt)
[...]
Memory Configuration

Name             Origin             Length             Attributes
RAM              0x20000000         0x00002000         xrw
FLASH            0x08000000         0x00010000         xr
*default*        0x00000000         0xffffffff

Linker script and memory map

LOAD /Applications/STM32CubeIDE.app/Contents/Eclipse/plugins/com.st.stm32cube.ide.mcu.externaltools.gnu-tools-for-stm32.12.3.rel1.macos64_1.1.0.202410301201/tools/bin/../lib/gcc/arm-none-eabi/12.3.1/thumb/v6-m/nofp/crti.o
LOAD /Applications/STM32CubeIDE.app/Contents/Eclipse/plugins/com.st.stm32cube.ide.mcu.externaltools.gnu-tools-for-stm32.12.3.rel1.macos64_1.1.0.202410301201/tools/bin/../lib/gcc/arm-none-eabi/12.3.1/thumb/v6-m/nofp/crtbegin.o
LOAD /Applications/STM32CubeIDE.app/Contents/Eclipse/plugins/com.st.stm32cube.ide.mcu.externaltools.gnu-tools-for-stm32.12.3.rel1.macos64_1.1.0.202410301201/tools/bin/../lib/gcc/arm-none-eabi/12.3.1/../../../../arm-none-eabi/lib/thumb/v6-m/nofp/crt0.o
LOAD ./Core/Src/main.o
LOAD ./Core/Src/stm32f0xx_hal_msp.o
LOAD ./Core/Src/stm32f0xx_it.o
LOAD ./Core/Src/syscalls.o
LOAD ./Core/Src/sysmem.o
LOAD ./Core/Src/system_stm32f0xx.o
LOAD ./Core/Startup/startup_stm32f030r8tx.o
LOAD ./Drivers/STM32F0xx_HAL_Driver/Src/stm32f0xx_hal.o
LOAD ./Drivers/STM32F0xx_HAL_Driver/Src/stm32f0xx_hal_cortex.o
LOAD ./Drivers/STM32F0xx_HAL_Driver/Src/stm32f0xx_hal_dma.o
LOAD ./Drivers/STM32F0xx_HAL_Driver/Src/stm32f0xx_hal_exti.o
LOAD ./Drivers/STM32F0xx_HAL_Driver/Src/stm32f0xx_hal_flash.o
LOAD ./Drivers/STM32F0xx_HAL_Driver/Src/stm32f0xx_hal_flash_ex.o
LOAD ./Drivers/STM32F0xx_HAL_Driver/Src/stm32f0xx_hal_gpio.o
LOAD ./Drivers/STM32F0xx_HAL_Driver/Src/stm32f0xx_hal_i2c.o
LOAD ./Drivers/STM32F0xx_HAL_Driver/Src/stm32f0xx_hal_i2c_ex.o
LOAD ./Drivers/STM32F0xx_HAL_Driver/Src/stm32f0xx_hal_pwr.o
LOAD ./Drivers/STM32F0xx_HAL_Driver/Src/stm32f0xx_hal_pwr_ex.o
LOAD ./Drivers/STM32F0xx_HAL_Driver/Src/stm32f0xx_hal_rcc.o
LOAD ./Drivers/STM32F0xx_HAL_Driver/Src/stm32f0xx_hal_rcc_ex.o
LOAD ./Drivers/STM32F0xx_HAL_Driver/Src/stm32f0xx_ll_dma.o
LOAD ./Drivers/STM32F0xx_HAL_Driver/Src/stm32f0xx_ll_exti.o
LOAD ./Drivers/STM32F0xx_HAL_Driver/Src/stm32f0xx_ll_gpio.o
LOAD ./Drivers/STM32F0xx_HAL_Driver/Src/stm32f0xx_ll_rcc.o
LOAD ./Drivers/STM32F0xx_HAL_Driver/Src/stm32f0xx_ll_usart.o
LOAD ./Drivers/STM32F0xx_HAL_Driver/Src/stm32f0xx_ll_utils.o
START GROUP
LOAD /Users/danielbraun/devel/ruststm/test030/librs/target/thumbv6m-none-eabi/debug/liblibrs.a
END GROUP
START GROUP
LOAD /Applications/STM32CubeIDE.app/Contents/Eclipse/plugins/com.st.stm32cube.ide.mcu.externaltools.gnu-tools-for-stm32.12.3.rel1.macos64_1.1.0.202410301201/tools/bin/../lib/gcc/arm-none-eabi/12.3.1/../../../../arm-none-eabi/lib/thumb/v6-m/nofp/libc_nano.a
LOAD /Applications/STM32CubeIDE.app/Contents/Eclipse/plugins/com.st.stm32cube.ide.mcu.externaltools.gnu-tools-for-stm32.12.3.rel1.macos64_1.1.0.202410301201/tools/bin/../lib/gcc/arm-none-eabi/12.3.1/../../../../arm-none-eabi/lib/thumb/v6-m/nofp/libm.a
END GROUP
START GROUP
LOAD /Applications/STM32CubeIDE.app/Contents/Eclipse/plugins/com.st.stm32cube.ide.mcu.externaltools.gnu-tools-for-stm32.12.3.rel1.macos64_1.1.0.202410301201/tools/bin/../lib/gcc/arm-none-eabi/12.3.1/thumb/v6-m/nofp/libgcc.a
LOAD /Applications/STM32CubeIDE.app/Contents/Eclipse/plugins/com.st.stm32cube.ide.mcu.externaltools.gnu-tools-for-stm32.12.3.rel1.macos64_1.1.0.202410301201/tools/bin/../lib/gcc/arm-none-eabi/12.3.1/../../../../arm-none-eabi/lib/thumb/v6-m/nofp/libc_nano.a
END GROUP
START GROUP
LOAD /Applications/STM32CubeIDE.app/Contents/Eclipse/plugins/com.st.stm32cube.ide.mcu.externaltools.gnu-tools-for-stm32.12.3.rel1.macos64_1.1.0.202410301201/tools/bin/../lib/gcc/arm-none-eabi/12.3.1/thumb/v6-m/nofp/libgcc.a
LOAD /Applications/STM32CubeIDE.app/Contents/Eclipse/plugins/com.st.stm32cube.ide.mcu.externaltools.gnu-tools-for-stm32.12.3.rel1.macos64_1.1.0.202410301201/tools/bin/../lib/gcc/arm-none-eabi/12.3.1/../../../../arm-none-eabi/lib/thumb/v6-m/nofp/libc_nano.a
LOAD /Applications/STM32CubeIDE.app/Contents/Eclipse/plugins/com.st.stm32cube.ide.mcu.externaltools.gnu-tools-for-stm32.12.3.rel1.macos64_1.1.0.202410301201/tools/bin/../lib/gcc/arm-none-eabi/12.3.1/../../../../arm-none-eabi/lib/thumb/v6-m/nofp/libnosys.a
END GROUP
START GROUP
LOAD /Applications/STM32CubeIDE.app/Contents/Eclipse/plugins/com.st.stm32cube.ide.mcu.externaltools.gnu-tools-for-stm32.12.3.rel1.macos64_1.1.0.202410301201/tools/bin/../lib/gcc/arm-none-eabi/12.3.1/thumb/v6-m/nofp/libgcc.a
LOAD /Applications/STM32CubeIDE.app/Contents/Eclipse/plugins/com.st.stm32cube.ide.mcu.externaltools.gnu-tools-for-stm32.12.3.rel1.macos64_1.1.0.202410301201/tools/bin/../lib/gcc/arm-none-eabi/12.3.1/../../../../arm-none-eabi/lib/thumb/v6-m/nofp/libc_nano.a
LOAD /Applications/STM32CubeIDE.app/Contents/Eclipse/plugins/com.st.stm32cube.ide.mcu.externaltools.gnu-tools-for-stm32.12.3.rel1.macos64_1.1.0.202410301201/tools/bin/../lib/gcc/arm-none-eabi/12.3.1/../../../../arm-none-eabi/lib/thumb/v6-m/nofp/libnosys.a
END GROUP
LOAD /Applications/STM32CubeIDE.app/Contents/Eclipse/plugins/com.st.stm32cube.ide.mcu.externaltools.gnu-tools-for-stm32.12.3.rel1.macos64_1.1.0.202410301201/tools/bin/../lib/gcc/arm-none-eabi/12.3.1/thumb/v6-m/nofp/crtend.o
LOAD /Applications/STM32CubeIDE.app/Contents/Eclipse/plugins/com.st.stm32cube.ide.mcu.externaltools.gnu-tools-for-stm32.12.3.rel1.macos64_1.1.0.202410301201/tools/bin/../lib/gcc/arm-none-eabi/12.3.1/thumb/v6-m/nofp/crtn.o
                0x20002000                        _estack = (ORIGIN (RAM) + LENGTH (RAM))
                0x00000200                        _Min_Heap_Size = 0x200
                0x00000400                        _Min_Stack_Size = 0x400

.isr_vector     0x08000000       0xc0
                0x08000000                        . = ALIGN (0x4)
 *(.isr_vector)
 .isr_vector    0x08000000       0xc0 ./Core/Startup/startup_stm32f030r8tx.o
                0x08000000                g_pfnVectors
                0x080000c0                        . = ALIGN (0x4)

.text           0x080000c0     0x1bb0
                0x080000c0                        . = ALIGN (0x4)
 *(.text)
 .text          0x080000c0       0x48 /Applications/STM32CubeIDE.app/Contents/Eclipse/plugins/com.st.stm32cube.ide.mcu.externaltools.gnu-tools-for-stm32.12.3.rel1.macos64_1.1.0.202410301201/tools/bin/../lib/gcc/arm-none-eabi/12.3.1/thumb/v6-m/nofp/crtbegin.o
 *(.text*)
 .text.LL_USART_Enable
                0x08000108       0x1c ./Core/Src/main.o
 .text.LL_USART_ConfigAsyncMode
                0x08000124       0x30 ./Core/Src/main.o
 .text.LL_USART_DisableIT_CTS
                0x08000154       0x44 ./Core/Src/main.o
 .text.LL_SYSCFG_SetEXTISource
                0x08000198       0x4c ./Core/Src/main.o
 .text.LL_GPIO_SetPinMode
                0x080001e4       0x38 ./Core/Src/main.o
 .text.LL_GPIO_SetPinPull
                0x0800021c       0x38 ./Core/Src/main.o
 .text.LL_GPIO_ResetOutputPin
                0x08000254       0x18 ./Core/Src/main.o
 .text.LL_AHB1_GRP1_EnableClock
                0x0800026c       0x2c ./Core/Src/main.o
 .text.LL_APB1_GRP1_EnableClock
                0x08000298       0x2c ./Core/Src/main.o
 .text.main     0x080002c4       0x1c ./Core/Src/main.o
                0x080002c4                main
 .text.SystemClock_Config
                0x080002e0       0x96 ./Core/Src/main.o
                0x080002e0                SystemClock_Config
 *fill*         0x08000376        0x2 
 .text.MX_USART2_UART_Init
                0x08000378       0xfc ./Core/Src/main.o
 .text.MX_GPIO_Init
                0x08000474       0xd4 ./Core/Src/main.o
 .text.Error_Handler
                0x08000548        0xc ./Core/Src/main.o
                0x08000548                Error_Handler
 .text.HAL_MspInit
                0x08000554       0x48 ./Core/Src/stm32f0xx_hal_msp.o
                0x08000554                HAL_MspInit
 .text.SystemInit
                0x0800059c        0xa ./Core/Src/system_stm32f0xx.o
                0x0800059c                SystemInit
 *fill*         0x080005a6        0x2 
 .text.Reset_Handler
                0x080005a8       0x50 ./Core/Startup/startup_stm32f030r8tx.o
                0x080005a8                Reset_Handler
 .text.Default_Handler
                0x080005f8        0x2 ./Core/Startup/startup_stm32f030r8tx.o
                0x080005f8                TIM1_BRK_UP_TRG_COM_IRQHandler
                0x080005f8                HardFault_Handler
                0x080005f8                TIM6_IRQHandler
                0x080005f8                NMI_Handler
                0x080005f8                I2C1_IRQHandler
                0x080005f8                SPI1_IRQHandler
                0x080005f8                EXTI2_3_IRQHandler
                0x080005f8                ADC1_IRQHandler
                0x080005f8                I2C2_IRQHandler
                0x080005f8                TIM17_IRQHandler
                0x080005f8                RTC_IRQHandler
                0x080005f8                TIM16_IRQHandler
                0x080005f8                TIM3_IRQHandler
                0x080005f8                EXTI4_15_IRQHandler
                0x080005f8                RCC_IRQHandler
                0x080005f8                DMA1_Channel1_IRQHandler
                0x080005f8                Default_Handler
                0x080005f8                TIM14_IRQHandler
                0x080005f8                DMA1_Channel4_5_IRQHandler
                0x080005f8                TIM15_IRQHandler
                0x080005f8                EXTI0_1_IRQHandler
                0x080005f8                SPI2_IRQHandler
                0x080005f8                SVC_Handler
                0x080005f8                WWDG_IRQHandler
                0x080005f8                DMA1_Channel2_3_IRQHandler
                0x080005f8                USART2_IRQHandler
                0x080005f8                FLASH_IRQHandler
                0x080005f8                USART1_IRQHandler
                0x080005f8                TIM1_CC_IRQHandler
 *fill*         0x080005fa        0x2 
 .text.HAL_Init
                0x080005fc       0x28 ./Drivers/STM32F0xx_HAL_Driver/Src/stm32f0xx_hal.o
                0x080005fc                HAL_Init
 .text.HAL_InitTick
                0x08000624       0x68 ./Drivers/STM32F0xx_HAL_Driver/Src/stm32f0xx_hal.o
                0x08000624                HAL_InitTick
 .text.HAL_GetTick
                0x0800068c       0x14 ./Drivers/STM32F0xx_HAL_Driver/Src/stm32f0xx_hal.o
                0x0800068c                HAL_GetTick
 .text.__NVIC_SetPriority
                0x080006a0       0xdc ./Drivers/STM32F0xx_HAL_Driver/Src/stm32f0xx_hal_cortex.o
 .text.SysTick_Config
                0x0800077c       0x48 ./Drivers/STM32F0xx_HAL_Driver/Src/stm32f0xx_hal_cortex.o
 .text.HAL_NVIC_SetPriority
                0x080007c4       0x2a ./Drivers/STM32F0xx_HAL_Driver/Src/stm32f0xx_hal_cortex.o
                0x080007c4                HAL_NVIC_SetPriority
 .text.HAL_SYSTICK_Config
                0x080007ee       0x1a ./Drivers/STM32F0xx_HAL_Driver/Src/stm32f0xx_hal_cortex.o
                0x080007ee                HAL_SYSTICK_Config
 .text.HAL_RCC_OscConfig
                0x08000808      0x634 ./Drivers/STM32F0xx_HAL_Driver/Src/stm32f0xx_hal_rcc.o
                0x08000808                HAL_RCC_OscConfig
 .text.HAL_RCC_ClockConfig
                0x08000e3c      0x19c ./Drivers/STM32F0xx_HAL_Driver/Src/stm32f0xx_hal_rcc.o
                0x08000e3c                HAL_RCC_ClockConfig
 .text.HAL_RCC_GetSysClockFreq
                0x08000fd8       0xac ./Drivers/STM32F0xx_HAL_Driver/Src/stm32f0xx_hal_rcc.o
                0x08000fd8                HAL_RCC_GetSysClockFreq
 .text.LL_EXTI_EnableIT_0_31
                0x08001084       0x20 ./Drivers/STM32F0xx_HAL_Driver/Src/stm32f0xx_ll_exti.o
 .text.LL_EXTI_DisableIT_0_31
                0x080010a4       0x24 ./Drivers/STM32F0xx_HAL_Driver/Src/stm32f0xx_ll_exti.o
 .text.LL_EXTI_EnableEvent_0_31
                0x080010c8       0x20 ./Drivers/STM32F0xx_HAL_Driver/Src/stm32f0xx_ll_exti.o
 .text.LL_EXTI_DisableEvent_0_31
                0x080010e8       0x24 ./Drivers/STM32F0xx_HAL_Driver/Src/stm32f0xx_ll_exti.o
 .text.LL_EXTI_EnableRisingTrig_0_31
                0x0800110c       0x20 ./Drivers/STM32F0xx_HAL_Driver/Src/stm32f0xx_ll_exti.o
 .text.LL_EXTI_DisableRisingTrig_0_31
                0x0800112c       0x24 ./Drivers/STM32F0xx_HAL_Driver/Src/stm32f0xx_ll_exti.o
 .text.LL_EXTI_EnableFallingTrig_0_31
                0x08001150       0x20 ./Drivers/STM32F0xx_HAL_Driver/Src/stm32f0xx_ll_exti.o
 .text.LL_EXTI_DisableFallingTrig_0_31
                0x08001170       0x24 ./Drivers/STM32F0xx_HAL_Driver/Src/stm32f0xx_ll_exti.o
 .text.LL_EXTI_Init
                0x08001194      0x10e ./Drivers/STM32F0xx_HAL_Driver/Src/stm32f0xx_ll_exti.o
                0x08001194                LL_EXTI_Init
 .text.LL_GPIO_SetPinMode
                0x080012a2       0x38 ./Drivers/STM32F0xx_HAL_Driver/Src/stm32f0xx_ll_gpio.o
 .text.LL_GPIO_SetPinOutputType
                0x080012da       0x2a ./Drivers/STM32F0xx_HAL_Driver/Src/stm32f0xx_ll_gpio.o
 .text.LL_GPIO_SetPinSpeed
                0x08001304       0x38 ./Drivers/STM32F0xx_HAL_Driver/Src/stm32f0xx_ll_gpio.o
 .text.LL_GPIO_SetPinPull
                0x0800133c       0x38 ./Drivers/STM32F0xx_HAL_Driver/Src/stm32f0xx_ll_gpio.o
 .text.LL_GPIO_SetAFPin_0_7
                0x08001374       0x46 ./Drivers/STM32F0xx_HAL_Driver/Src/stm32f0xx_ll_gpio.o
 .text.LL_GPIO_SetAFPin_8_15
                0x080013ba       0x5a ./Drivers/STM32F0xx_HAL_Driver/Src/stm32f0xx_ll_gpio.o
 .text.LL_GPIO_Init
                0x08001414       0xb8 ./Drivers/STM32F0xx_HAL_Driver/Src/stm32f0xx_ll_gpio.o
                0x08001414                LL_GPIO_Init
 .text.LL_RCC_HSI_IsReady
                0x080014cc       0x20 ./Drivers/STM32F0xx_HAL_Driver/Src/stm32f0xx_ll_rcc.o
 .text.LL_RCC_LSE_IsReady
                0x080014ec       0x20 ./Drivers/STM32F0xx_HAL_Driver/Src/stm32f0xx_ll_rcc.o
 .text.LL_RCC_GetSysClkSource
                0x0800150c       0x18 ./Drivers/STM32F0xx_HAL_Driver/Src/stm32f0xx_ll_rcc.o
 .text.LL_RCC_GetAHBPrescaler
                0x08001524       0x18 ./Drivers/STM32F0xx_HAL_Driver/Src/stm32f0xx_ll_rcc.o
 .text.LL_RCC_GetAPB1Prescaler
                0x0800153c       0x18 ./Drivers/STM32F0xx_HAL_Driver/Src/stm32f0xx_ll_rcc.o
 .text.LL_RCC_GetUSARTClockSource
                0x08001554       0x28 ./Drivers/STM32F0xx_HAL_Driver/Src/stm32f0xx_ll_rcc.o
 .text.LL_RCC_PLL_GetMainSource
                0x0800157c       0x18 ./Drivers/STM32F0xx_HAL_Driver/Src/stm32f0xx_ll_rcc.o
 .text.LL_RCC_PLL_GetMultiplicator
                0x08001594       0x18 ./Drivers/STM32F0xx_HAL_Driver/Src/stm32f0xx_ll_rcc.o
 .text.LL_RCC_PLL_GetPrediv
                0x080015ac       0x18 ./Drivers/STM32F0xx_HAL_Driver/Src/stm32f0xx_ll_rcc.o
 .text.LL_RCC_GetSystemClocksFreq
                0x080015c4       0x3a ./Drivers/STM32F0xx_HAL_Driver/Src/stm32f0xx_ll_rcc.o
                0x080015c4                LL_RCC_GetSystemClocksFreq
 *fill*         0x080015fe        0x2 
 .text.LL_RCC_GetUSARTClockFreq
                0x08001600       0x84 ./Drivers/STM32F0xx_HAL_Driver/Src/stm32f0xx_ll_rcc.o
                0x08001600                LL_RCC_GetUSARTClockFreq
 .text.RCC_GetSystemClockFreq
                0x08001684       0x4c ./Drivers/STM32F0xx_HAL_Driver/Src/stm32f0xx_ll_rcc.o
                0x08001684                RCC_GetSystemClockFreq
 .text.RCC_GetHCLKClockFreq
                0x080016d0       0x2c ./Drivers/STM32F0xx_HAL_Driver/Src/stm32f0xx_ll_rcc.o
                0x080016d0                RCC_GetHCLKClockFreq
 .text.RCC_GetPCLK1ClockFreq
                0x080016fc       0x28 ./Drivers/STM32F0xx_HAL_Driver/Src/stm32f0xx_ll_rcc.o
                0x080016fc                RCC_GetPCLK1ClockFreq
 .text.RCC_PLL_GetFreqDomain_SYS
                0x08001724       0x70 ./Drivers/STM32F0xx_HAL_Driver/Src/stm32f0xx_ll_rcc.o
                0x08001724                RCC_PLL_GetFreqDomain_SYS
 .text.LL_USART_IsEnabled
                0x08001794       0x22 ./Drivers/STM32F0xx_HAL_Driver/Src/stm32f0xx_ll_usart.o
 *fill*         0x080017b6        0x2 
 .text.LL_USART_SetStopBitsLength
                0x080017b8       0x28 ./Drivers/STM32F0xx_HAL_Driver/Src/stm32f0xx_ll_usart.o
 .text.LL_USART_SetHWFlowCtrl
                0x080017e0       0x28 ./Drivers/STM32F0xx_HAL_Driver/Src/stm32f0xx_ll_usart.o
 .text.LL_USART_SetBaudRate
                0x08001808       0x78 ./Drivers/STM32F0xx_HAL_Driver/Src/stm32f0xx_ll_usart.o
 .text.LL_USART_Init
                0x08001880       0xd0 ./Drivers/STM32F0xx_HAL_Driver/Src/stm32f0xx_ll_usart.o
                0x08001880                LL_USART_Init
 .text.rs_main  0x08001950        0x2 /Users/danielbraun/devel/ruststm/test030/librs/target/thumbv6m-none-eabi/debug/liblibrs.a(librs-ccbba542f025ca05.3g0zm7w3u4h5hx5s88vt3pkd5.rcgu.o)
                0x08001950                rs_main
 *fill*         0x08001952        0x2 
 .text.SysTick_Handler
                0x08001954       0x48 /Users/danielbraun/devel/ruststm/test030/librs/target/thumbv6m-none-eabi/debug/liblibrs.a(librs-ccbba542f025ca05.3g0zm7w3u4h5hx5s88vt3pkd5.rcgu.o)
                0x08001954                SysTick_Handler
 .text.PendSV_Handler
                0x0800199c        0x2 /Users/danielbraun/devel/ruststm/test030/librs/target/thumbv6m-none-eabi/debug/liblibrs.a(librs-ccbba542f025ca05.3g0zm7w3u4h5hx5s88vt3pkd5.rcgu.o)
                0x0800199c                PendSV_Handler
 .text.unlikely._ZN4core9panicking9panic_fmt17h631c75b7cf6ec204E
                0x0800199e       0x16 /Users/danielbraun/devel/ruststm/test030/librs/target/thumbv6m-none-eabi/debug/liblibrs.a(core-8806444b285d76be.core.5c7c2650aa144d9-cgu.0.rcgu.o)
                0x0800199e                core::panicking::panic_fmt
 .text.unlikely._ZN4core9panicking11panic_const24panic_const_add_overflow17h9022cf1b0b180d21E
                0x080019b4       0x24 /Users/danielbraun/devel/ruststm/test030/librs/target/thumbv6m-none-eabi/debug/liblibrs.a(core-8806444b285d76be.core.5c7c2650aa144d9-cgu.0.rcgu.o)
                0x080019b4                core::panicking::panic_const::panic_const_add_overflow
 .text.__aeabi_uidiv
                0x080019d8        0xa /Users/danielbraun/devel/ruststm/test030/librs/target/thumbv6m-none-eabi/debug/liblibrs.a(compiler_builtins-24429303214812f6.compiler_builtins.48fc13047921c4a6-cgu.141.rcgu.o)
                0x080019d8                __aeabi_uidiv
 *fill*         0x080019e2        0x2 
 .text.memset   0x080019e4       0xa0 /Users/danielbraun/devel/ruststm/test030/librs/target/thumbv6m-none-eabi/debug/liblibrs.a(compiler_builtins-24429303214812f6.compiler_builtins.48fc13047921c4a6-cgu.319.rcgu.o)
                0x080019e4                memset
 .text.rust_begin_unwind
                0x08001a84        0x2 /Users/danielbraun/devel/ruststm/test030/librs/target/thumbv6m-none-eabi/debug/liblibrs.a(librs-ccbba542f025ca05.532t6wa91x1ny98j3tj03gcat.rcgu.o)
                0x08001a84                rust_begin_unwind
 .text._ZN17compiler_builtins3int19specialized_div_rem11u32_div_rem17h7403b13da29f6d85E
                0x08001a86      0x188 /Users/danielbraun/devel/ruststm/test030/librs/target/thumbv6m-none-eabi/debug/liblibrs.a(compiler_builtins-24429303214812f6.compiler_builtins.48fc13047921c4a6-cgu.006.rcgu.o)
                0x08001a86                compiler_builtins::int::specialized_div_rem::u32_div_rem
 *fill*         0x08001c0e        0x2 
 .text.__libc_init_array
                0x08001c10       0x48 /Applications/STM32CubeIDE.app/Contents/Eclipse/plugins/com.st.stm32cube.ide.mcu.externaltools.gnu-tools-for-stm32.12.3.rel1.macos64_1.1.0.202410301201/tools/bin/../lib/gcc/arm-none-eabi/12.3.1/../../../../arm-none-eabi/lib/thumb/v6-m/nofp/libc_nano.a(libc_a-init.o)
                0x08001c10                __libc_init_array
 *(.glue_7)
 .glue_7        0x08001c58        0x0 linker stubs
 *(.glue_7t)
 .glue_7t       0x08001c58        0x0 linker stubs
 *(.eh_frame)
 .eh_frame      0x08001c58        0x0 /Applications/STM32CubeIDE.app/Contents/Eclipse/plugins/com.st.stm32cube.ide.mcu.externaltools.gnu-tools-for-stm32.12.3.rel1.macos64_1.1.0.202410301201/tools/bin/../lib/gcc/arm-none-eabi/12.3.1/thumb/v6-m/nofp/crtbegin.o
 *(.init)
 .init          0x08001c58        0x4 /Applications/STM32CubeIDE.app/Contents/Eclipse/plugins/com.st.stm32cube.ide.mcu.externaltools.gnu-tools-for-stm32.12.3.rel1.macos64_1.1.0.202410301201/tools/bin/../lib/gcc/arm-none-eabi/12.3.1/thumb/v6-m/nofp/crti.o
                0x08001c58                _init
 .init          0x08001c5c        0x8 /Applications/STM32CubeIDE.app/Contents/Eclipse/plugins/com.st.stm32cube.ide.mcu.externaltools.gnu-tools-for-stm32.12.3.rel1.macos64_1.1.0.202410301201/tools/bin/../lib/gcc/arm-none-eabi/12.3.1/thumb/v6-m/nofp/crtn.o
 *(.fini)
 .fini          0x08001c64        0x4 /Applications/STM32CubeIDE.app/Contents/Eclipse/plugins/com.st.stm32cube.ide.mcu.externaltools.gnu-tools-for-stm32.12.3.rel1.macos64_1.1.0.202410301201/tools/bin/../lib/gcc/arm-none-eabi/12.3.1/thumb/v6-m/nofp/crti.o
                0x08001c64                _fini
 .fini          0x08001c68        0x8 /Applications/STM32CubeIDE.app/Contents/Eclipse/plugins/com.st.stm32cube.ide.mcu.externaltools.gnu-tools-for-stm32.12.3.rel1.macos64_1.1.0.202410301201/tools/bin/../lib/gcc/arm-none-eabi/12.3.1/thumb/v6-m/nofp/crtn.o
                0x08001c70                        . = ALIGN (0x4)
                0x08001c70                        _etext = .

.vfp11_veneer   0x08001c70        0x0
 .vfp11_veneer  0x08001c70        0x0 linker stubs

.v4_bx          0x08001c70        0x0
 .v4_bx         0x08001c70        0x0 linker stubs

.iplt           0x08001c70        0x0
 .iplt          0x08001c70        0x0 /Applications/STM32CubeIDE.app/Contents/Eclipse/plugins/com.st.stm32cube.ide.mcu.externaltools.gnu-tools-for-stm32.12.3.rel1.macos64_1.1.0.202410301201/tools/bin/../lib/gcc/arm-none-eabi/12.3.1/thumb/v6-m/nofp/crtbegin.o

.rodata         0x08001c70       0x78
                0x08001c70                        . = ALIGN (0x4)
 *(.rodata)
 *(.rodata*)
 .rodata.AHBPrescTable
                0x08001c70       0x10 ./Core/Src/system_stm32f0xx.o
                0x08001c70                AHBPrescTable
 .rodata.APBPrescTable
                0x08001c80        0x8 ./Core/Src/system_stm32f0xx.o
                0x08001c80                APBPrescTable
 .rodata.aPLLMULFactorTable.1
                0x08001c88       0x10 ./Drivers/STM32F0xx_HAL_Driver/Src/stm32f0xx_hal_rcc.o
 .rodata.aPredivFactorTable.0
                0x08001c98       0x10 ./Drivers/STM32F0xx_HAL_Driver/Src/stm32f0xx_hal_rcc.o
 .rodata..Lanon.5190077a9dd62d020f441ba104648f14.0
                0x08001ca8        0xc /Users/danielbraun/devel/ruststm/test030/librs/target/thumbv6m-none-eabi/debug/liblibrs.a(librs-ccbba542f025ca05.3g0zm7w3u4h5hx5s88vt3pkd5.rcgu.o)
 .rodata..Lanon.5190077a9dd62d020f441ba104648f14.1
                0x08001cb4       0x10 /Users/danielbraun/devel/ruststm/test030/librs/target/thumbv6m-none-eabi/debug/liblibrs.a(librs-ccbba542f025ca05.3g0zm7w3u4h5hx5s88vt3pkd5.rcgu.o)
 .rodata..Lanon.05023a1329217405e3ffed1de15c2725.122
                0x08001cc4       0x1c /Users/danielbraun/devel/ruststm/test030/librs/target/thumbv6m-none-eabi/debug/liblibrs.a(core-8806444b285d76be.core.5c7c2650aa144d9-cgu.0.rcgu.o)
 .rodata..Lanon.05023a1329217405e3ffed1de15c2725.123
                0x08001ce0        0x8 /Users/danielbraun/devel/ruststm/test030/librs/target/thumbv6m-none-eabi/debug/liblibrs.a(core-8806444b285d76be.core.5c7c2650aa144d9-cgu.0.rcgu.o)
                0x08001ce8                        . = ALIGN (0x4)

.ARM.extab      0x08001ce8        0x0
                0x08001ce8                        . = ALIGN (0x4)
 *(.ARM.extab* .gnu.linkonce.armextab.*)
                0x08001ce8                        . = ALIGN (0x4)

.ARM            0x08001ce8        0x8
                0x08001ce8                        . = ALIGN (0x4)
                0x08001ce8                        __exidx_start = .
 *(.ARM.exidx*)
 .ARM.exidx.text.rs_main
                0x08001ce8        0x8 /Users/danielbraun/devel/ruststm/test030/librs/target/thumbv6m-none-eabi/debug/liblibrs.a(librs-ccbba542f025ca05.3g0zm7w3u4h5hx5s88vt3pkd5.rcgu.o)
 .ARM.exidx.text.SysTick_Handler
                0x08001cf0        0x0 /Users/danielbraun/devel/ruststm/test030/librs/target/thumbv6m-none-eabi/debug/liblibrs.a(librs-ccbba542f025ca05.3g0zm7w3u4h5hx5s88vt3pkd5.rcgu.o)
                                  0x8 (size before relaxing)
 .ARM.exidx.text.PendSV_Handler
                0x08001cf0        0x0 /Users/danielbraun/devel/ruststm/test030/librs/target/thumbv6m-none-eabi/debug/liblibrs.a(librs-ccbba542f025ca05.3g0zm7w3u4h5hx5s88vt3pkd5.rcgu.o)
                                  0x8 (size before relaxing)
 .ARM.exidx.text.unlikely._ZN4core9panicking9panic_fmt17h631c75b7cf6ec204E
                0x08001cf0        0x0 /Users/danielbraun/devel/ruststm/test030/librs/target/thumbv6m-none-eabi/debug/liblibrs.a(core-8806444b285d76be.core.5c7c2650aa144d9-cgu.0.rcgu.o)
                                  0x8 (size before relaxing)
 .ARM.exidx.text.unlikely._ZN4core9panicking11panic_const24panic_const_add_overflow17h9022cf1b0b180d21E
                0x08001cf0        0x0 /Users/danielbraun/devel/ruststm/test030/librs/target/thumbv6m-none-eabi/debug/liblibrs.a(core-8806444b285d76be.core.5c7c2650aa144d9-cgu.0.rcgu.o)
                                  0x8 (size before relaxing)
 .ARM.exidx.text.__aeabi_uidiv
                0x08001cf0        0x0 /Users/danielbraun/devel/ruststm/test030/librs/target/thumbv6m-none-eabi/debug/liblibrs.a(compiler_builtins-24429303214812f6.compiler_builtins.48fc13047921c4a6-cgu.141.rcgu.o)
                                  0x8 (size before relaxing)
 .ARM.exidx.text.memset
                0x08001cf0        0x0 /Users/danielbraun/devel/ruststm/test030/librs/target/thumbv6m-none-eabi/debug/liblibrs.a(compiler_builtins-24429303214812f6.compiler_builtins.48fc13047921c4a6-cgu.319.rcgu.o)
                                  0x8 (size before relaxing)
 .ARM.exidx.text.rust_begin_unwind
                0x08001cf0        0x0 /Users/danielbraun/devel/ruststm/test030/librs/target/thumbv6m-none-eabi/debug/liblibrs.a(librs-ccbba542f025ca05.532t6wa91x1ny98j3tj03gcat.rcgu.o)
                                  0x8 (size before relaxing)
 .ARM.exidx.text._ZN17compiler_builtins3int19specialized_div_rem11u32_div_rem17h7403b13da29f6d85E
                0x08001cf0        0x0 /Users/danielbraun/devel/ruststm/test030/librs/target/thumbv6m-none-eabi/debug/liblibrs.a(compiler_builtins-24429303214812f6.compiler_builtins.48fc13047921c4a6-cgu.006.rcgu.o)
                                  0x8 (size before relaxing)
                0x08001cf0                        __exidx_end = .
                0x08001cf0                        . = ALIGN (0x4)

.preinit_array  0x08001cf0        0x0
                0x08001cf0                        . = ALIGN (0x4)
                0x08001cf0                        PROVIDE (__preinit_array_start = .)
 *(.preinit_array*)
                0x08001cf0                        PROVIDE (__preinit_array_end = .)
                0x08001cf0                        . = ALIGN (0x4)

.init_array     0x08001cf0        0x4
                0x08001cf0                        . = ALIGN (0x4)
                0x08001cf0                        PROVIDE (__init_array_start = .)
 *(SORT_BY_NAME(.init_array.*))
 *(.init_array*)
 .init_array    0x08001cf0        0x4 /Applications/STM32CubeIDE.app/Contents/Eclipse/plugins/com.st.stm32cube.ide.mcu.externaltools.gnu-tools-for-stm32.12.3.rel1.macos64_1.1.0.202410301201/tools/bin/../lib/gcc/arm-none-eabi/12.3.1/thumb/v6-m/nofp/crtbegin.o
                0x08001cf4                        PROVIDE (__init_array_end = .)
                0x08001cf4                        . = ALIGN (0x4)

.fini_array     0x08001cf4        0x4
                0x08001cf4                        . = ALIGN (0x4)
                [!provide]                        PROVIDE (__fini_array_start = .)
 *(SORT_BY_NAME(.fini_array.*))
 *(.fini_array*)
 .fini_array    0x08001cf4        0x4 /Applications/STM32CubeIDE.app/Contents/Eclipse/plugins/com.st.stm32cube.ide.mcu.externaltools.gnu-tools-for-stm32.12.3.rel1.macos64_1.1.0.202410301201/tools/bin/../lib/gcc/arm-none-eabi/12.3.1/thumb/v6-m/nofp/crtbegin.o
                [!provide]                        PROVIDE (__fini_array_end = .)
                0x08001cf8                        . = ALIGN (0x4)
                0x08001cf8                        _sidata = LOADADDR (.data)

.rel.dyn        0x08001cf8        0x0
 .rel.iplt      0x08001cf8        0x0 /Applications/STM32CubeIDE.app/Contents/Eclipse/plugins/com.st.stm32cube.ide.mcu.externaltools.gnu-tools-for-stm32.12.3.rel1.macos64_1.1.0.202410301201/tools/bin/../lib/gcc/arm-none-eabi/12.3.1/thumb/v6-m/nofp/crtbegin.o

.data           0x20000000        0xc load address 0x08001cf8
                0x20000000                        . = ALIGN (0x4)
                0x20000000                        _sdata = .
 *(.data)
 *(.data*)
 .data.SystemCoreClock
                0x20000000        0x4 ./Core/Src/system_stm32f0xx.o
                0x20000000                SystemCoreClock
 .data.uwTickPrio
                0x20000004        0x4 ./Drivers/STM32F0xx_HAL_Driver/Src/stm32f0xx_hal.o
                0x20000004                uwTickPrio
 .data.uwTickFreq
                0x20000008        0x1 ./Drivers/STM32F0xx_HAL_Driver/Src/stm32f0xx_hal.o
                0x20000008                uwTickFreq
 *(.RamFunc)
 *(.RamFunc*)
                0x2000000c                        . = ALIGN (0x4)
 *fill*         0x20000009        0x3 
                0x2000000c                        _edata = .

.igot.plt       0x2000000c        0x0 load address 0x08001d04
 .igot.plt      0x2000000c        0x0 /Applications/STM32CubeIDE.app/Contents/Eclipse/plugins/com.st.stm32cube.ide.mcu.externaltools.gnu-tools-for-stm32.12.3.rel1.macos64_1.1.0.202410301201/tools/bin/../lib/gcc/arm-none-eabi/12.3.1/thumb/v6-m/nofp/crtbegin.o
                0x2000000c                        . = ALIGN (0x4)

.bss            0x2000000c       0x24 load address 0x08001d04
                0x2000000c                        _sbss = .
                0x2000000c                        __bss_start__ = _sbss
 *(.bss)
 .bss           0x2000000c       0x1c /Applications/STM32CubeIDE.app/Contents/Eclipse/plugins/com.st.stm32cube.ide.mcu.externaltools.gnu-tools-for-stm32.12.3.rel1.macos64_1.1.0.202410301201/tools/bin/../lib/gcc/arm-none-eabi/12.3.1/thumb/v6-m/nofp/crtbegin.o
 *(.bss*)
 .bss.uwTick    0x20000028        0x4 ./Drivers/STM32F0xx_HAL_Driver/Src/stm32f0xx_hal.o
                0x20000028                uwTick
 .bss._ZN5librs5minos7tickcnt17h77e29bf244b07512E.0
                0x2000002c        0x4 /Users/danielbraun/devel/ruststm/test030/librs/target/thumbv6m-none-eabi/debug/liblibrs.a(librs-ccbba542f025ca05.3g0zm7w3u4h5hx5s88vt3pkd5.rcgu.o)
 *(COMMON)
                0x20000030                        . = ALIGN (0x4)
                0x20000030                        _ebss = .
                0x20000030                        __bss_end__ = _ebss

._user_heap_stack
                0x20000030      0x600 load address 0x08001d04
                0x20000030                        . = ALIGN (0x8)
                [!provide]                        PROVIDE (end = .)
                0x20000030                        PROVIDE (_end = .)
                0x20000230                        . = (. + _Min_Heap_Size)
 *fill*         0x20000030      0x200 
                0x20000630                        . = (. + _Min_Stack_Size)
 *fill*         0x20000230      0x400 
                0x20000630                        . = ALIGN (0x8)

/DISCARD/
 libc.a(*)
 libm.a(*)
 libgcc.a(*)

.ARM.attributes
                0x00000000       0x2c
 *(.ARM.attributes)
 .ARM.attributes
                0x00000000       0x1e /Applications/STM32CubeIDE.app/Contents/Eclipse/plugins/com.st.stm32cube.ide.mcu.externaltools.gnu-tools-for-stm32.12.3.rel1.macos64_1.1.0.202410301201/tools/bin/../lib/gcc/arm-none-eabi/12.3.1/thumb/v6-m/nofp/crti.o
 .ARM.attributes
                0x0000001e       0x2c /Applications/STM32CubeIDE.app/Contents/Eclipse/plugins/com.st.stm32cube.ide.mcu.externaltools.gnu-tools-for-stm32.12.3.rel1.macos64_1.1.0.202410301201/tools/bin/../lib/gcc/arm-none-eabi/12.3.1/thumb/v6-m/nofp/crtbegin.o
 .ARM.attributes
                0x0000004a       0x2c ./Core/Src/main.o
 .ARM.attributes
                0x00000076       0x2c ./Core/Src/stm32f0xx_hal_msp.o
 .ARM.attributes
                0x000000a2       0x2c ./Core/Src/system_stm32f0xx.o
 .ARM.attributes
                0x000000ce       0x21 ./Core/Startup/startup_stm32f030r8tx.o
 .ARM.attributes
                0x000000ef       0x2c ./Drivers/STM32F0xx_HAL_Driver/Src/stm32f0xx_hal.o
 .ARM.attributes
                0x0000011b       0x2c ./Drivers/STM32F0xx_HAL_Driver/Src/stm32f0xx_hal_cortex.o
 .ARM.attributes
                0x00000147       0x2c ./Drivers/STM32F0xx_HAL_Driver/Src/stm32f0xx_hal_rcc.o
 .ARM.attributes
                0x00000173       0x2c ./Drivers/STM32F0xx_HAL_Driver/Src/stm32f0xx_ll_exti.o
 .ARM.attributes
                0x0000019f       0x2c ./Drivers/STM32F0xx_HAL_Driver/Src/stm32f0xx_ll_gpio.o
 .ARM.attributes
                0x000001cb       0x2c ./Drivers/STM32F0xx_HAL_Driver/Src/stm32f0xx_ll_rcc.o
 .ARM.attributes
                0x000001f7       0x2c ./Drivers/STM32F0xx_HAL_Driver/Src/stm32f0xx_ll_usart.o
 .ARM.attributes
                0x00000223       0x32 /Users/danielbraun/devel/ruststm/test030/librs/target/thumbv6m-none-eabi/debug/liblibrs.a(librs-ccbba542f025ca05.3g0zm7w3u4h5hx5s88vt3pkd5.rcgu.o)
 .ARM.attributes
                0x00000255       0x30 /Users/danielbraun/devel/ruststm/test030/librs/target/thumbv6m-none-eabi/debug/liblibrs.a(core-8806444b285d76be.core.5c7c2650aa144d9-cgu.0.rcgu.o)
 .ARM.attributes
                0x00000285       0x32 /Users/danielbraun/devel/ruststm/test030/librs/target/thumbv6m-none-eabi/debug/liblibrs.a(compiler_builtins-24429303214812f6.compiler_builtins.48fc13047921c4a6-cgu.141.rcgu.o)
 .ARM.attributes
                0x000002b7       0x32 /Users/danielbraun/devel/ruststm/test030/librs/target/thumbv6m-none-eabi/debug/liblibrs.a(compiler_builtins-24429303214812f6.compiler_builtins.48fc13047921c4a6-cgu.319.rcgu.o)
 .ARM.attributes
                0x000002e9       0x32 /Users/danielbraun/devel/ruststm/test030/librs/target/thumbv6m-none-eabi/debug/liblibrs.a(librs-ccbba542f025ca05.532t6wa91x1ny98j3tj03gcat.rcgu.o)
 .ARM.attributes
                0x0000031b       0x32 /Users/danielbraun/devel/ruststm/test030/librs/target/thumbv6m-none-eabi/debug/liblibrs.a(compiler_builtins-24429303214812f6.compiler_builtins.48fc13047921c4a6-cgu.006.rcgu.o)
 .ARM.attributes
                0x0000034d       0x2c /Applications/STM32CubeIDE.app/Contents/Eclipse/plugins/com.st.stm32cube.ide.mcu.externaltools.gnu-tools-for-stm32.12.3.rel1.macos64_1.1.0.202410301201/tools/bin/../lib/gcc/arm-none-eabi/12.3.1/../../../../arm-none-eabi/lib/thumb/v6-m/nofp/libc_nano.a(libc_a-init.o)
 .ARM.attributes
                0x00000379       0x1e /Applications/STM32CubeIDE.app/Contents/Eclipse/plugins/com.st.stm32cube.ide.mcu.externaltools.gnu-tools-for-stm32.12.3.rel1.macos64_1.1.0.202410301201/tools/bin/../lib/gcc/arm-none-eabi/12.3.1/thumb/v6-m/nofp/crtn.o
OUTPUT(test030.elf elf32-littlearm)
LOAD linker stubs
LOAD /Applications/STM32CubeIDE.app/Contents/Eclipse/plugins/com.st.stm32cube.ide.mcu.externaltools.gnu-tools-for-stm32.12.3.rel1.macos64_1.1.0.202410301201/tools/bin/../lib/gcc/arm-none-eabi/12.3.1/../../../../arm-none-eabi/lib/thumb/v6-m/nofp/libc.a
LOAD /Applications/STM32CubeIDE.app/Contents/Eclipse/plugins/com.st.stm32cube.ide.mcu.externaltools.gnu-tools-for-stm32.12.3.rel1.macos64_1.1.0.202410301201/tools/bin/../lib/gcc/arm-none-eabi/12.3.1/../../../../arm-none-eabi/lib/thumb/v6-m/nofp/libm.a
LOAD /Applications/STM32CubeIDE.app/Contents/Eclipse/plugins/com.st.stm32cube.ide.mcu.externaltools.gnu-tools-for-stm32.12.3.rel1.macos64_1.1.0.202410301201/tools/bin/../lib/gcc/arm-none-eabi/12.3.1/thumb/v6-m/nofp/libgcc.a

.debug_info     0x00000000    0x24463
 .debug_info    0x00000000      0xa69 ./Core/Src/main.o
 .debug_info    0x00000a69      0x1e1 ./Core/Src/stm32f0xx_hal_msp.o
 .debug_info    0x00000c4a      0x242 ./Core/Src/system_stm32f0xx.o
 .debug_info    0x00000e8c       0x30 ./Core/Startup/startup_stm32f030r8tx.o
 .debug_info    0x00000ebc      0x670 ./Drivers/STM32F0xx_HAL_Driver/Src/stm32f0xx_hal.o
 .debug_info    0x0000152c      0x69b ./Drivers/STM32F0xx_HAL_Driver/Src/stm32f0xx_hal_cortex.o
 .debug_info    0x00001bc7      0x844 ./Drivers/STM32F0xx_HAL_Driver/Src/stm32f0xx_hal_rcc.o
 .debug_info    0x0000240b      0x337 ./Drivers/STM32F0xx_HAL_Driver/Src/stm32f0xx_ll_exti.o
 .debug_info    0x00002742      0x52f ./Drivers/STM32F0xx_HAL_Driver/Src/stm32f0xx_ll_gpio.o
 .debug_info    0x00002c71      0x536 ./Drivers/STM32F0xx_HAL_Driver/Src/stm32f0xx_ll_rcc.o
 .debug_info    0x000031a7      0x692 ./Drivers/STM32F0xx_HAL_Driver/Src/stm32f0xx_ll_usart.o
 .debug_info    0x00003839      0x302 /Users/danielbraun/devel/ruststm/test030/librs/target/thumbv6m-none-eabi/debug/liblibrs.a(librs-ccbba542f025ca05.3g0zm7w3u4h5hx5s88vt3pkd5.rcgu.o)
 .debug_info    0x00003b3b    0x1f5bb /Users/danielbraun/devel/ruststm/test030/librs/target/thumbv6m-none-eabi/debug/liblibrs.a(core-8806444b285d76be.core.5c7c2650aa144d9-cgu.0.rcgu.o)
 .debug_info    0x000230f6       0xa1 /Users/danielbraun/devel/ruststm/test030/librs/target/thumbv6m-none-eabi/debug/liblibrs.a(compiler_builtins-24429303214812f6.compiler_builtins.48fc13047921c4a6-cgu.141.rcgu.o)
 .debug_info    0x00023197      0x1c8 /Users/danielbraun/devel/ruststm/test030/librs/target/thumbv6m-none-eabi/debug/liblibrs.a(compiler_builtins-24429303214812f6.compiler_builtins.48fc13047921c4a6-cgu.319.rcgu.o)
 .debug_info    0x0002335f      0xc25 /Users/danielbraun/devel/ruststm/test030/librs/target/thumbv6m-none-eabi/debug/liblibrs.a(librs-ccbba542f025ca05.532t6wa91x1ny98j3tj03gcat.rcgu.o)
 .debug_info    0x00023f84      0x4df /Users/danielbraun/devel/ruststm/test030/librs/target/thumbv6m-none-eabi/debug/liblibrs.a(compiler_builtins-24429303214812f6.compiler_builtins.48fc13047921c4a6-cgu.006.rcgu.o)

.debug_abbrev   0x00000000     0x1af9
 .debug_abbrev  0x00000000      0x2e5 ./Core/Src/main.o
 .debug_abbrev  0x000002e5       0xdd ./Core/Src/stm32f0xx_hal_msp.o
 .debug_abbrev  0x000003c2      0x11c ./Core/Src/system_stm32f0xx.o
 .debug_abbrev  0x000004de       0x24 ./Core/Startup/startup_stm32f030r8tx.o
 .debug_abbrev  0x00000502      0x24b ./Drivers/STM32F0xx_HAL_Driver/Src/stm32f0xx_hal.o
 .debug_abbrev  0x0000074d      0x28c ./Drivers/STM32F0xx_HAL_Driver/Src/stm32f0xx_hal_cortex.o
 .debug_abbrev  0x000009d9      0x28b ./Drivers/STM32F0xx_HAL_Driver/Src/stm32f0xx_hal_rcc.o
 .debug_abbrev  0x00000c64      0x159 ./Drivers/STM32F0xx_HAL_Driver/Src/stm32f0xx_ll_exti.o
 .debug_abbrev  0x00000dbd      0x1a2 ./Drivers/STM32F0xx_HAL_Driver/Src/stm32f0xx_ll_gpio.o
 .debug_abbrev  0x00000f5f      0x206 ./Drivers/STM32F0xx_HAL_Driver/Src/stm32f0xx_ll_rcc.o
 .debug_abbrev  0x00001165      0x1f6 ./Drivers/STM32F0xx_HAL_Driver/Src/stm32f0xx_ll_usart.o
 .debug_abbrev  0x0000135b      0x162 /Users/danielbraun/devel/ruststm/test030/librs/target/thumbv6m-none-eabi/debug/liblibrs.a(librs-ccbba542f025ca05.3g0zm7w3u4h5hx5s88vt3pkd5.rcgu.o)
 .debug_abbrev  0x000014bd      0x265 /Users/danielbraun/devel/ruststm/test030/librs/target/thumbv6m-none-eabi/debug/liblibrs.a(core-8806444b285d76be.core.5c7c2650aa144d9-cgu.0.rcgu.o)
 .debug_abbrev  0x00001722       0x5f /Users/danielbraun/devel/ruststm/test030/librs/target/thumbv6m-none-eabi/debug/liblibrs.a(compiler_builtins-24429303214812f6.compiler_builtins.48fc13047921c4a6-cgu.141.rcgu.o)
 .debug_abbrev  0x00001781       0xb0 /Users/danielbraun/devel/ruststm/test030/librs/target/thumbv6m-none-eabi/debug/liblibrs.a(compiler_builtins-24429303214812f6.compiler_builtins.48fc13047921c4a6-cgu.319.rcgu.o)
 .debug_abbrev  0x00001831      0x1fe /Users/danielbraun/devel/ruststm/test030/librs/target/thumbv6m-none-eabi/debug/liblibrs.a(librs-ccbba542f025ca05.532t6wa91x1ny98j3tj03gcat.rcgu.o)
 .debug_abbrev  0x00001a2f       0xca /Users/danielbraun/devel/ruststm/test030/librs/target/thumbv6m-none-eabi/debug/liblibrs.a(compiler_builtins-24429303214812f6.compiler_builtins.48fc13047921c4a6-cgu.006.rcgu.o)

.debug_aranges  0x00000000     0x1538
 .debug_aranges
                0x00000000       0x88 ./Core/Src/main.o
 .debug_aranges
                0x00000088       0x20 ./Core/Src/stm32f0xx_hal_msp.o
 .debug_aranges
                0x000000a8       0x28 ./Core/Src/system_stm32f0xx.o
 .debug_aranges
                0x000000d0       0x28 ./Core/Startup/startup_stm32f030r8tx.o
 .debug_aranges
                0x000000f8       0xd0 ./Drivers/STM32F0xx_HAL_Driver/Src/stm32f0xx_hal.o
 .debug_aranges
                0x000001c8       0xc0 ./Drivers/STM32F0xx_HAL_Driver/Src/stm32f0xx_hal_cortex.o
 .debug_aranges
                0x00000288       0x80 ./Drivers/STM32F0xx_HAL_Driver/Src/stm32f0xx_hal_rcc.o
 .debug_aranges
                0x00000308       0x70 ./Drivers/STM32F0xx_HAL_Driver/Src/stm32f0xx_ll_exti.o
 .debug_aranges
                0x00000378       0x70 ./Drivers/STM32F0xx_HAL_Driver/Src/stm32f0xx_ll_gpio.o
 .debug_aranges
                0x000003e8       0xe8 ./Drivers/STM32F0xx_HAL_Driver/Src/stm32f0xx_ll_rcc.o
 .debug_aranges
                0x000004d0       0x88 ./Drivers/STM32F0xx_HAL_Driver/Src/stm32f0xx_ll_usart.o
 .debug_aranges
                0x00000558       0x38 /Users/danielbraun/devel/ruststm/test030/librs/target/thumbv6m-none-eabi/debug/liblibrs.a(librs-ccbba542f025ca05.3g0zm7w3u4h5hx5s88vt3pkd5.rcgu.o)
 .debug_aranges
                0x00000590      0xf10 /Users/danielbraun/devel/ruststm/test030/librs/target/thumbv6m-none-eabi/debug/liblibrs.a(core-8806444b285d76be.core.5c7c2650aa144d9-cgu.0.rcgu.o)
 .debug_aranges
                0x000014a0       0x20 /Users/danielbraun/devel/ruststm/test030/librs/target/thumbv6m-none-eabi/debug/liblibrs.a(compiler_builtins-24429303214812f6.compiler_builtins.48fc13047921c4a6-cgu.141.rcgu.o)
 .debug_aranges
                0x000014c0       0x20 /Users/danielbraun/devel/ruststm/test030/librs/target/thumbv6m-none-eabi/debug/liblibrs.a(compiler_builtins-24429303214812f6.compiler_builtins.48fc13047921c4a6-cgu.319.rcgu.o)
 .debug_aranges
                0x000014e0       0x28 /Users/danielbraun/devel/ruststm/test030/librs/target/thumbv6m-none-eabi/debug/liblibrs.a(librs-ccbba542f025ca05.532t6wa91x1ny98j3tj03gcat.rcgu.o)
 .debug_aranges
                0x00001508       0x30 /Users/danielbraun/devel/ruststm/test030/librs/target/thumbv6m-none-eabi/debug/liblibrs.a(compiler_builtins-24429303214812f6.compiler_builtins.48fc13047921c4a6-cgu.006.rcgu.o)

.debug_rnglists
                0x00000000      0x3db
 .debug_rnglists
                0x00000000       0x64 ./Core/Src/main.o
 .debug_rnglists
                0x00000064       0x13 ./Core/Src/stm32f0xx_hal_msp.o
 .debug_rnglists
                0x00000077       0x1a ./Core/Src/system_stm32f0xx.o
 .debug_rnglists
                0x00000091       0x19 ./Core/Startup/startup_stm32f030r8tx.o
 .debug_rnglists
                0x000000aa       0x97 ./Drivers/STM32F0xx_HAL_Driver/Src/stm32f0xx_hal.o
 .debug_rnglists
                0x00000141       0x8c ./Drivers/STM32F0xx_HAL_Driver/Src/stm32f0xx_hal_cortex.o
 .debug_rnglists
                0x000001cd       0x60 ./Drivers/STM32F0xx_HAL_Driver/Src/stm32f0xx_hal_rcc.o
 .debug_rnglists
                0x0000022d       0x50 ./Drivers/STM32F0xx_HAL_Driver/Src/stm32f0xx_ll_exti.o
 .debug_rnglists
                0x0000027d       0x51 ./Drivers/STM32F0xx_HAL_Driver/Src/stm32f0xx_ll_gpio.o
 .debug_rnglists
                0x000002ce       0xab ./Drivers/STM32F0xx_HAL_Driver/Src/stm32f0xx_ll_rcc.o
 .debug_rnglists
                0x00000379       0x62 ./Drivers/STM32F0xx_HAL_Driver/Src/stm32f0xx_ll_usart.o

.debug_macro    0x00000000     0xfafe
 .debug_macro   0x00000000      0x202 ./Core/Src/main.o
 .debug_macro   0x00000202      0xa90 ./Core/Src/main.o
 .debug_macro   0x00000c92      0x127 ./Core/Src/main.o
 .debug_macro   0x00000db9       0x2e ./Core/Src/main.o
 .debug_macro   0x00000de7       0x22 ./Core/Src/main.o
 .debug_macro   0x00000e09       0x22 ./Core/Src/main.o
 .debug_macro   0x00000e2b       0x8e ./Core/Src/main.o
 .debug_macro   0x00000eb9       0x51 ./Core/Src/main.o
 .debug_macro   0x00000f0a      0x103 ./Core/Src/main.o
 .debug_macro   0x0000100d       0x6a ./Core/Src/main.o
 .debug_macro   0x00001077      0x1df ./Core/Src/main.o
 .debug_macro   0x00001256       0x1c ./Core/Src/main.o
 .debug_macro   0x00001272       0x22 ./Core/Src/main.o
 .debug_macro   0x00001294       0xaf ./Core/Src/main.o
 .debug_macro   0x00001343      0x391 ./Core/Src/main.o
 .debug_macro   0x000016d4     0x6f47 ./Core/Src/main.o
 .debug_macro   0x0000861b       0x66 ./Core/Src/main.o
 .debug_macro   0x00008681     0x34da ./Core/Src/main.o
 .debug_macro   0x0000bb5b      0x189 ./Core/Src/main.o
 .debug_macro   0x0000bce4       0x55 ./Core/Src/main.o
 .debug_macro   0x0000bd39      0x924 ./Core/Src/main.o
 .debug_macro   0x0000c65d      0x17f ./Core/Src/main.o
 .debug_macro   0x0000c7dc      0x1ae ./Core/Src/main.o
 .debug_macro   0x0000c98a       0xd8 ./Core/Src/main.o
 .debug_macro   0x0000ca62      0x1a0 ./Core/Src/main.o
 .debug_macro   0x0000cc02      0x1ed ./Core/Src/main.o
 .debug_macro   0x0000cdef       0x34 ./Core/Src/main.o
 .debug_macro   0x0000ce23       0x43 ./Core/Src/main.o
 .debug_macro   0x0000ce66       0x28 ./Core/Src/main.o
 .debug_macro   0x0000ce8e       0xb0 ./Core/Src/main.o
 .debug_macro   0x0000cf3e      0x199 ./Core/Src/main.o
 .debug_macro   0x0000d0d7      0x22c ./Core/Src/main.o
 .debug_macro   0x0000d303       0x61 ./Core/Src/main.o
 .debug_macro   0x0000d364       0xa5 ./Core/Src/main.o
 .debug_macro   0x0000d409       0x4c ./Core/Src/main.o
 .debug_macro   0x0000d455       0x2b ./Core/Src/main.o
 .debug_macro   0x0000d480       0xff ./Core/Src/main.o
 .debug_macro   0x0000d57f      0x264 ./Core/Src/main.o
 .debug_macro   0x0000d7e3      0x3d4 ./Core/Src/main.o
 .debug_macro   0x0000dbb7      0x176 ./Core/Src/main.o
 .debug_macro   0x0000dd2d      0x11f ./Core/Src/main.o
 .debug_macro   0x0000de4c       0xd0 ./Core/Src/main.o
 .debug_macro   0x0000df1c       0xcb ./Core/Src/main.o
 .debug_macro   0x0000dfe7       0x16 ./Core/Src/main.o
 .debug_macro   0x0000dffd       0x2a ./Core/Src/main.o
 .debug_macro   0x0000e027       0x68 ./Core/Src/main.o
 .debug_macro   0x0000e08f      0x215 ./Core/Src/main.o
 .debug_macro   0x0000e2a4       0x4c ./Core/Src/main.o
 .debug_macro   0x0000e2f0      0x202 ./Core/Src/stm32f0xx_hal_msp.o
 .debug_macro   0x0000e4f2      0x199 ./Core/Src/system_stm32f0xx.o
 .debug_macro   0x0000e68b      0x1bd ./Drivers/STM32F0xx_HAL_Driver/Src/stm32f0xx_hal.o
 .debug_macro   0x0000e848      0x199 ./Drivers/STM32F0xx_HAL_Driver/Src/stm32f0xx_hal_cortex.o
 .debug_macro   0x0000e9e1      0x1ab ./Drivers/STM32F0xx_HAL_Driver/Src/stm32f0xx_hal_rcc.o
 .debug_macro   0x0000eb8c      0x1c0 ./Drivers/STM32F0xx_HAL_Driver/Src/stm32f0xx_ll_exti.o
 .debug_macro   0x0000ed4c       0xca ./Drivers/STM32F0xx_HAL_Driver/Src/stm32f0xx_ll_exti.o
 .debug_macro   0x0000ee16      0x1db ./Drivers/STM32F0xx_HAL_Driver/Src/stm32f0xx_ll_gpio.o
 .debug_macro   0x0000eff1      0x119 ./Drivers/STM32F0xx_HAL_Driver/Src/stm32f0xx_ll_gpio.o
 .debug_macro   0x0000f10a      0x1ba ./Drivers/STM32F0xx_HAL_Driver/Src/stm32f0xx_ll_rcc.o
 .debug_macro   0x0000f2c4      0x3ce ./Drivers/STM32F0xx_HAL_Driver/Src/stm32f0xx_ll_rcc.o
 .debug_macro   0x0000f692      0x20e ./Drivers/STM32F0xx_HAL_Driver/Src/stm32f0xx_ll_usart.o
 .debug_macro   0x0000f8a0      0x25e ./Drivers/STM32F0xx_HAL_Driver/Src/stm32f0xx_ll_usart.o

.debug_line     0x00000000    0x257e8
 .debug_line    0x00000000      0x9c3 ./Core/Src/main.o
 .debug_line    0x000009c3      0x77b ./Core/Src/stm32f0xx_hal_msp.o
 .debug_line    0x0000113e      0x703 ./Core/Src/system_stm32f0xx.o
 .debug_line    0x00001841       0x7b ./Core/Startup/startup_stm32f030r8tx.o
 .debug_line    0x000018bc      0x90e ./Drivers/STM32F0xx_HAL_Driver/Src/stm32f0xx_hal.o
 .debug_line    0x000021ca      0x9ba ./Drivers/STM32F0xx_HAL_Driver/Src/stm32f0xx_hal_cortex.o
 .debug_line    0x00002b84      0xcf3 ./Drivers/STM32F0xx_HAL_Driver/Src/stm32f0xx_hal_rcc.o
 .debug_line    0x00003877      0x80c ./Drivers/STM32F0xx_HAL_Driver/Src/stm32f0xx_ll_exti.o
 .debug_line    0x00004083      0x853 ./Drivers/STM32F0xx_HAL_Driver/Src/stm32f0xx_ll_gpio.o
 .debug_line    0x000048d6      0xa5b ./Drivers/STM32F0xx_HAL_Driver/Src/stm32f0xx_ll_rcc.o
 .debug_line    0x00005331      0x8eb ./Drivers/STM32F0xx_HAL_Driver/Src/stm32f0xx_ll_usart.o
 .debug_line    0x00005c1c      0x23d /Users/danielbraun/devel/ruststm/test030/librs/target/thumbv6m-none-eabi/debug/liblibrs.a(librs-ccbba542f025ca05.3g0zm7w3u4h5hx5s88vt3pkd5.rcgu.o)
 .debug_line    0x00005e59    0x1e7e7 /Users/danielbraun/devel/ruststm/test030/librs/target/thumbv6m-none-eabi/debug/liblibrs.a(core-8806444b285d76be.core.5c7c2650aa144d9-cgu.0.rcgu.o)
 .debug_line    0x00024640       0x93 /Users/danielbraun/devel/ruststm/test030/librs/target/thumbv6m-none-eabi/debug/liblibrs.a(compiler_builtins-24429303214812f6.compiler_builtins.48fc13047921c4a6-cgu.141.rcgu.o)
 .debug_line    0x000246d3      0x2d4 /Users/danielbraun/devel/ruststm/test030/librs/target/thumbv6m-none-eabi/debug/liblibrs.a(compiler_builtins-24429303214812f6.compiler_builtins.48fc13047921c4a6-cgu.319.rcgu.o)
 .debug_line    0x000249a7      0x2e6 /Users/danielbraun/devel/ruststm/test030/librs/target/thumbv6m-none-eabi/debug/liblibrs.a(librs-ccbba542f025ca05.532t6wa91x1ny98j3tj03gcat.rcgu.o)
 .debug_line    0x00024c8d      0xb5b /Users/danielbraun/devel/ruststm/test030/librs/target/thumbv6m-none-eabi/debug/liblibrs.a(compiler_builtins-24429303214812f6.compiler_builtins.48fc13047921c4a6-cgu.006.rcgu.o)

.debug_str      0x00000000    0x94931
 .debug_str     0x00000000    0x59564 ./Core/Src/main.o
                              0x59a15 (size before relaxing)
 .debug_str     0x00059564       0x2c ./Core/Src/stm32f0xx_hal_msp.o
                              0x59530 (size before relaxing)
 .debug_str     0x00059590       0x8b ./Core/Src/system_stm32f0xx.o
                              0x53e49 (size before relaxing)
 .debug_str     0x0005961b       0x44 ./Core/Startup/startup_stm32f030r8tx.o
                                 0x73 (size before relaxing)
 .debug_str     0x0005965f      0x4d4 ./Drivers/STM32F0xx_HAL_Driver/Src/stm32f0xx_hal.o
                              0x543dd (size before relaxing)
 .debug_str     0x00059b33      0x1be ./Drivers/STM32F0xx_HAL_Driver/Src/stm32f0xx_hal_cortex.o
                              0x541ce (size before relaxing)
 .debug_str     0x00059cf1      0x228 ./Drivers/STM32F0xx_HAL_Driver/Src/stm32f0xx_hal_rcc.o
                              0x54285 (size before relaxing)
 .debug_str     0x00059f19      0x313 ./Drivers/STM32F0xx_HAL_Driver/Src/stm32f0xx_ll_exti.o
                              0x5453e (size before relaxing)
 .debug_str     0x0005a22c      0x4dd ./Drivers/STM32F0xx_HAL_Driver/Src/stm32f0xx_ll_gpio.o
                              0x54fb1 (size before relaxing)
 .debug_str     0x0005a709      0x3d2 ./Drivers/STM32F0xx_HAL_Driver/Src/stm32f0xx_ll_rcc.o
                              0x55c5d (size before relaxing)
 .debug_str     0x0005aadb      0x804 ./Drivers/STM32F0xx_HAL_Driver/Src/stm32f0xx_ll_usart.o
                              0x5748b (size before relaxing)
 .debug_str     0x0005b2df      0x308 /Users/danielbraun/devel/ruststm/test030/librs/target/thumbv6m-none-eabi/debug/liblibrs.a(librs-ccbba542f025ca05.3g0zm7w3u4h5hx5s88vt3pkd5.rcgu.o)
                                0x365 (size before relaxing)
 .debug_str     0x0005b5e7    0x37db4 /Users/danielbraun/devel/ruststm/test030/librs/target/thumbv6m-none-eabi/debug/liblibrs.a(core-8806444b285d76be.core.5c7c2650aa144d9-cgu.0.rcgu.o)
                              0x381f5 (size before relaxing)
 .debug_str     0x0009339b      0x14c /Users/danielbraun/devel/ruststm/test030/librs/target/thumbv6m-none-eabi/debug/liblibrs.a(compiler_builtins-24429303214812f6.compiler_builtins.48fc13047921c4a6-cgu.141.rcgu.o)
                                0x189 (size before relaxing)
 .debug_str     0x000934e7      0x2a3 /Users/danielbraun/devel/ruststm/test030/librs/target/thumbv6m-none-eabi/debug/liblibrs.a(compiler_builtins-24429303214812f6.compiler_builtins.48fc13047921c4a6-cgu.319.rcgu.o)
                                0x3a2 (size before relaxing)
 .debug_str     0x0009378a      0xc5a /Users/danielbraun/devel/ruststm/test030/librs/target/thumbv6m-none-eabi/debug/liblibrs.a(librs-ccbba542f025ca05.532t6wa91x1ny98j3tj03gcat.rcgu.o)
                                0xecf (size before relaxing)
 .debug_str     0x000943e4      0x54d /Users/danielbraun/devel/ruststm/test030/librs/target/thumbv6m-none-eabi/debug/liblibrs.a(compiler_builtins-24429303214812f6.compiler_builtins.48fc13047921c4a6-cgu.006.rcgu.o)
                                0x6ea (size before relaxing)

.comment        0x00000000       0x6f
 .comment       0x00000000       0x43 ./Core/Src/main.o
                                 0x44 (size before relaxing)
 .comment       0x00000043       0x44 ./Core/Src/stm32f0xx_hal_msp.o
 .comment       0x00000043       0x44 ./Core/Src/system_stm32f0xx.o
 .comment       0x00000043       0x44 ./Drivers/STM32F0xx_HAL_Driver/Src/stm32f0xx_hal.o
 .comment       0x00000043       0x44 ./Drivers/STM32F0xx_HAL_Driver/Src/stm32f0xx_hal_cortex.o
 .comment       0x00000043       0x44 ./Drivers/STM32F0xx_HAL_Driver/Src/stm32f0xx_hal_rcc.o
 .comment       0x00000043       0x44 ./Drivers/STM32F0xx_HAL_Driver/Src/stm32f0xx_ll_exti.o
 .comment       0x00000043       0x44 ./Drivers/STM32F0xx_HAL_Driver/Src/stm32f0xx_ll_gpio.o
 .comment       0x00000043       0x44 ./Drivers/STM32F0xx_HAL_Driver/Src/stm32f0xx_ll_rcc.o
 .comment       0x00000043       0x44 ./Drivers/STM32F0xx_HAL_Driver/Src/stm32f0xx_ll_usart.o
 .comment       0x00000043       0x2c /Users/danielbraun/devel/ruststm/test030/librs/target/thumbv6m-none-eabi/debug/liblibrs.a(librs-ccbba542f025ca05.3g0zm7w3u4h5hx5s88vt3pkd5.rcgu.o)
                                 0x2d (size before relaxing)
 .comment       0x0000006f       0x2d /Users/danielbraun/devel/ruststm/test030/librs/target/thumbv6m-none-eabi/debug/liblibrs.a(core-8806444b285d76be.core.5c7c2650aa144d9-cgu.0.rcgu.o)
 .comment       0x0000006f       0x2d /Users/danielbraun/devel/ruststm/test030/librs/target/thumbv6m-none-eabi/debug/liblibrs.a(compiler_builtins-24429303214812f6.compiler_builtins.48fc13047921c4a6-cgu.141.rcgu.o)
 .comment       0x0000006f       0x2d /Users/danielbraun/devel/ruststm/test030/librs/target/thumbv6m-none-eabi/debug/liblibrs.a(compiler_builtins-24429303214812f6.compiler_builtins.48fc13047921c4a6-cgu.319.rcgu.o)
 .comment       0x0000006f       0x2d /Users/danielbraun/devel/ruststm/test030/librs/target/thumbv6m-none-eabi/debug/liblibrs.a(librs-ccbba542f025ca05.532t6wa91x1ny98j3tj03gcat.rcgu.o)
 .comment       0x0000006f       0x2d /Users/danielbraun/devel/ruststm/test030/librs/target/thumbv6m-none-eabi/debug/liblibrs.a(compiler_builtins-24429303214812f6.compiler_builtins.48fc13047921c4a6-cgu.006.rcgu.o)

.note.GNU-stack
                0x00000000        0x0
 .note.GNU-stack
                0x00000000        0x0 /Users/danielbraun/devel/ruststm/test030/librs/target/thumbv6m-none-eabi/debug/liblibrs.a(librs-ccbba542f025ca05.3g0zm7w3u4h5hx5s88vt3pkd5.rcgu.o)
 .note.GNU-stack
                0x00000000        0x0 /Users/danielbraun/devel/ruststm/test030/librs/target/thumbv6m-none-eabi/debug/liblibrs.a(core-8806444b285d76be.core.5c7c2650aa144d9-cgu.0.rcgu.o)
 .note.GNU-stack
                0x00000000        0x0 /Users/danielbraun/devel/ruststm/test030/librs/target/thumbv6m-none-eabi/debug/liblibrs.a(compiler_builtins-24429303214812f6.compiler_builtins.48fc13047921c4a6-cgu.141.rcgu.o)
 .note.GNU-stack
                0x00000000        0x0 /Users/danielbraun/devel/ruststm/test030/librs/target/thumbv6m-none-eabi/debug/liblibrs.a(compiler_builtins-24429303214812f6.compiler_builtins.48fc13047921c4a6-cgu.319.rcgu.o)
 .note.GNU-stack
                0x00000000        0x0 /Users/danielbraun/devel/ruststm/test030/librs/target/thumbv6m-none-eabi/debug/liblibrs.a(librs-ccbba542f025ca05.532t6wa91x1ny98j3tj03gcat.rcgu.o)
 .note.GNU-stack
                0x00000000        0x0 /Users/danielbraun/devel/ruststm/test030/librs/target/thumbv6m-none-eabi/debug/liblibrs.a(compiler_builtins-24429303214812f6.compiler_builtins.48fc13047921c4a6-cgu.006.rcgu.o)

.debug_frame    0x00000000     0x4e14
 .debug_frame   0x00000000      0x1c8 ./Core/Src/main.o
 .debug_frame   0x000001c8       0x30 ./Core/Src/stm32f0xx_hal_msp.o
 .debug_frame   0x000001f8       0x4c ./Core/Src/system_stm32f0xx.o
 .debug_frame   0x00000244      0x2a4 ./Drivers/STM32F0xx_HAL_Driver/Src/stm32f0xx_hal.o
 .debug_frame   0x000004e8      0x2a0 ./Drivers/STM32F0xx_HAL_Driver/Src/stm32f0xx_hal_cortex.o
 .debug_frame   0x00000788      0x198 ./Drivers/STM32F0xx_HAL_Driver/Src/stm32f0xx_hal_rcc.o
 .debug_frame   0x00000920      0x16c ./Drivers/STM32F0xx_HAL_Driver/Src/stm32f0xx_ll_exti.o
 .debug_frame   0x00000a8c      0x170 ./Drivers/STM32F0xx_HAL_Driver/Src/stm32f0xx_ll_gpio.o
 .debug_frame   0x00000bfc      0x318 ./Drivers/STM32F0xx_HAL_Driver/Src/stm32f0xx_ll_rcc.o
 .debug_frame   0x00000f14      0x1d0 ./Drivers/STM32F0xx_HAL_Driver/Src/stm32f0xx_ll_usart.o
 .debug_frame   0x000010e4       0x50 /Users/danielbraun/devel/ruststm/test030/librs/target/thumbv6m-none-eabi/debug/liblibrs.a(librs-ccbba542f025ca05.3g0zm7w3u4h5hx5s88vt3pkd5.rcgu.o)
 .debug_frame   0x00001134     0x3b88 /Users/danielbraun/devel/ruststm/test030/librs/target/thumbv6m-none-eabi/debug/liblibrs.a(core-8806444b285d76be.core.5c7c2650aa144d9-cgu.0.rcgu.o)
 .debug_frame   0x00004cbc       0x30 /Users/danielbraun/devel/ruststm/test030/librs/target/thumbv6m-none-eabi/debug/liblibrs.a(compiler_builtins-24429303214812f6.compiler_builtins.48fc13047921c4a6-cgu.141.rcgu.o)
 .debug_frame   0x00004cec       0x38 /Users/danielbraun/devel/ruststm/test030/librs/target/thumbv6m-none-eabi/debug/liblibrs.a(compiler_builtins-24429303214812f6.compiler_builtins.48fc13047921c4a6-cgu.319.rcgu.o)
 .debug_frame   0x00004d24       0x44 /Users/danielbraun/devel/ruststm/test030/librs/target/thumbv6m-none-eabi/debug/liblibrs.a(librs-ccbba542f025ca05.532t6wa91x1ny98j3tj03gcat.rcgu.o)
 .debug_frame   0x00004d68       0x80 /Users/danielbraun/devel/ruststm/test030/librs/target/thumbv6m-none-eabi/debug/liblibrs.a(compiler_builtins-24429303214812f6.compiler_builtins.48fc13047921c4a6-cgu.006.rcgu.o)
 .debug_frame   0x00004de8       0x2c /Applications/STM32CubeIDE.app/Contents/Eclipse/plugins/com.st.stm32cube.ide.mcu.externaltools.gnu-tools-for-stm32.12.3.rel1.macos64_1.1.0.202410301201/tools/bin/../lib/gcc/arm-none-eabi/12.3.1/../../../../arm-none-eabi/lib/thumb/v6-m/nofp/libc_nano.a(libc_a-init.o)

.debug_line_str
                0x00000000       0x57
 .debug_line_str
                0x00000000       0x57 ./Core/Startup/startup_stm32f030r8tx.o

.debug_ranges   0x00000000    0x15898
 .debug_ranges  0x00000000       0x20 /Users/danielbraun/devel/ruststm/test030/librs/target/thumbv6m-none-eabi/debug/liblibrs.a(librs-ccbba542f025ca05.3g0zm7w3u4h5hx5s88vt3pkd5.rcgu.o)
 .debug_ranges  0x00000020    0x155a0 /Users/danielbraun/devel/ruststm/test030/librs/target/thumbv6m-none-eabi/debug/liblibrs.a(core-8806444b285d76be.core.5c7c2650aa144d9-cgu.0.rcgu.o)
 .debug_ranges  0x000155c0       0x48 /Users/danielbraun/devel/ruststm/test030/librs/target/thumbv6m-none-eabi/debug/liblibrs.a(librs-ccbba542f025ca05.532t6wa91x1ny98j3tj03gcat.rcgu.o)
 .debug_ranges  0x00015608      0x290 /Users/danielbraun/devel/ruststm/test030/librs/target/thumbv6m-none-eabi/debug/liblibrs.a(compiler_builtins-24429303214812f6.compiler_builtins.48fc13047921c4a6-cgu.006.rcgu.o)

.debug_loc      0x00000000      0x167
 .debug_loc     0x00000000      0x167 /Users/danielbraun/devel/ruststm/test030/librs/target/thumbv6m-none-eabi/debug/liblibrs.a(librs-ccbba542f025ca05.532t6wa91x1ny98j3tj03gcat.rcgu.o)
