../Drivers/STM32F0xx_HAL_Driver/Inc/stm32f0xx_ll_usart.h:576:22:LL_USART_Enable	1
../Drivers/STM32F0xx_HAL_Driver/Inc/stm32f0xx_ll_usart.h:2321:22:LL_USART_ConfigAsyncMode	1
../Drivers/STM32F0xx_HAL_Driver/Inc/stm32f0xx_ll_usart.h:3380:22:LL_USART_DisableIT_CTS	1
../Drivers/STM32F0xx_HAL_Driver/Inc/stm32f0xx_ll_system.h:625:22:LL_SYSCFG_SetEXTISource	1
../Drivers/STM32F0xx_HAL_Driver/Inc/stm32f0xx_ll_gpio.h:267:22:LL_GPIO_SetPinMode	1
../Drivers/STM32F0xx_HAL_Driver/Inc/stm32f0xx_ll_gpio.h:473:22:LL_GPIO_SetPinPull	1
../Drivers/STM32F0xx_HAL_Driver/Inc/stm32f0xx_ll_gpio.h:867:22:LL_GPIO_ResetOutputPin	1
../Drivers/STM32F0xx_HAL_Driver/Inc/stm32f0xx_ll_bus.h:225:22:LL_AHB1_GRP1_EnableClock	1
../Drivers/STM32F0xx_HAL_Driver/Inc/stm32f0xx_ll_bus.h:413:22:LL_APB1_GRP1_EnableClock	1
../Core/Src/main.c:72:5:main	1
../Core/Src/main.c:118:6:SystemClock_Config	3
../Core/Src/main.c:157:13:MX_USART2_UART_Init	1
../Core/Src/main.c:217:13:MX_GPIO_Init	1
../Core/Src/main.c:268:6:Error_Handler	1
